
R version 3.6.0 (2019-04-26) -- "Planting of a Tree"
Copyright (C) 2019 The R Foundation for Statistical Computing
Platform: x86_64-w64-mingw32/x64 (64-bit)

R is free software and comes with ABSOLUTELY NO WARRANTY.
You are welcome to redistribute it under certain conditions.
Type 'license()' or 'licence()' for distribution details.

R is a collaborative project with many contributors.
Type 'contributors()' for more information and
'citation()' on how to cite R or R packages in publications.

Type 'demo()' for some demos, 'help()' for on-line help, or
'help.start()' for an HTML browser interface to help.
Type 'q()' to quit R.

> getwd()
[1] "C:/Users/amocanu/Documents"
> setwd("D:/R/R_Coursera")
> dir()
[1] "test1.R"
> source("test1.R")
> source("test1.R")
> second()
Error in second() : argument "x" is missing, with no default
> second(5)
[1] 4.467324
> myfunction(5)
Error in myfunction(5) : unused argument (5)
> myfunction()
[1] 0.02056632
> second(5:10)
[1]  7.761194  6.328023  4.874128  6.985702  8.224848 10.039625
> x=5
> rnorm(length(x))
[1] 0.4454985
> x+rnorm(length(x))
[1] 3.295078
> x=7
> print(X)
Error in print(X) : object 'X' not found
> print(x)
[1] 7
> x <- 7
> print(x)
[1] 7
> x = [2,3,4,5,5]
Error: unexpected '[' in "x = ["
> x <- [2,3,4,5,5]
Error: unexpected '[' in "x <- ["
> x <- 2,3,4,5,5
Error: unexpected ',' in "x <- 2,"
> x <- (2,3,4,5,5)
Error: unexpected ',' in "x <- (2,"
> x <- [2 3 4 5 5]
Error: unexpected '[' in "x <- ["
> x <- (2 3 4 5 5)
Error: unexpected numeric constant in "x <- (2 3"
> x <- 1:23
> x
 [1]  1  2  3  4  5  6  7  8  9 10 11 12 13 14 15 16 17 18 19 20 21 22 23
> x <- 1:23:3
Warning message:
In 1:23:3 : numerical expression has 23 elements: only the first used
> x <- vector("character", 6)
> x
[1] "" "" "" "" "" ""
> x.attributes()
Error in x.attributes() : could not find function "x.attributes"
> attributes(x)
NULL
> x <- c(1,2,3,4)
> x
[1] 1 2 3 4
> x <- c(1,2,3,4, x)
> x
[1] 1 2 3 4 1 2 3 4
> x <- c(1,2,3,4, 7, x)
> x
 [1] 1 2 3 4 7 1 2 3 4 1 2 3 4
> class(x)
[1] "numeric"
> as.numeric(x)
 [1] 1 2 3 4 7 1 2 3 4 1 2 3 4
> as.logical(x)
 [1] TRUE TRUE TRUE TRUE TRUE TRUE TRUE TRUE TRUE TRUE TRUE TRUE TRUE
> as.character(x)
 [1] "1" "2" "3" "4" "7" "1" "2" "3" "4" "1" "2" "3" "4"
> x <- list(1, "a", TRUE, 1+4i)
> x
[[1]]
[1] 1

[[2]]
[1] "a"

[[3]]
[1] TRUE

[[4]]
[1] 1+4i

> m <- matrix(data = as.matrix(x), nrow=4, ncol=3)
> m
     [,1] [,2] [,3]
[1,] 1    1    1   
[2,] "a"  "a"  "a" 
[3,] TRUE TRUE TRUE
[4,] 1+4i 1+4i 1+4i
> dim(m)
[1] 4 3
> attributes(x)
NULL
> attributes(m)
$dim
[1] 4 3

> m <- 3:67
> m
 [1]  3  4  5  6  7  8  9 10 11 12 13 14 15 16 17 18 19 20 21 22 23 24 25 26 27 28 29
[28] 30 31 32 33 34 35 36 37 38 39 40 41 42 43 44 45 46 47 48 49 50 51 52 53 54 55 56
[55] 57 58 59 60 61 62 63 64 65 66 67
> dim(m)
NULL
> dim(m) <- c(5,4) #add the dimension of m as 5 rows and 4 columns
Error in dim(m) <- c(5, 4) : 
  dims [product 20] do not match the length of object [65]
> dim(m) <- c(5,3) #add the dimension of m as 5 rows and 3 columns
Error in dim(m) <- c(5, 3) : 
  dims [product 15] do not match the length of object [65]
> dim(m) <- c(5,13) #add the dimension of m as 5 rows and 13 columns
> m
     [,1] [,2] [,3] [,4] [,5] [,6] [,7] [,8] [,9] [,10] [,11] [,12] [,13]
[1,]    3    8   13   18   23   28   33   38   43    48    53    58    63
[2,]    4    9   14   19   24   29   34   39   44    49    54    59    64
[3,]    5   10   15   20   25   30   35   40   45    50    55    60    65
[4,]    6   11   16   21   26   31   36   41   46    51    56    61    66
[5,]    7   12   17   22   27   32   37   42   47    52    57    62    67
> a <- 1:5
> b <- 6-10
> a
[1] 1 2 3 4 5
> b
[1] -4
> b <- 6:10
> b
[1]  6  7  8  9 10
> cbind(a,b) #combinare pe coloane
     a  b
[1,] 1  6
[2,] 2  7
[3,] 3  8
[4,] 4  9
[5,] 5 10
> rbind(a,b) #combinare pe randuri
  [,1] [,2] [,3] [,4] [,5]
a    1    2    3    4    5
b    6    7    8    9   10
> f <- factor(c("yes", "no", "yes", "maybe", "no", "yes", "no"))
> f
[1] yes   no    yes   maybe no    yes   no   
Levels: maybe no yes
> table(f)
f
maybe    no   yes 
    1     3     3 
> unclass(f)
[1] 3 2 3 1 2 3 2
attr(,"levels")
[1] "maybe" "no"    "yes"  
> f <- factor(c("yes", "no", "yes", "maybe", "no", "yes", "no"), levels = c("maybe", "yes", "no"))
> f
[1] yes   no    yes   maybe no    yes   no   
Levels: maybe yes no
> unclass(f)
[1] 2 3 2 1 3 2 3
attr(,"levels")
[1] "maybe" "yes"   "no"   
> Na
Error: object 'Na' not found
> NaN
[1] NaN
> Na #not available, can have different types
Error: object 'Na' not found
> NaN #not a number
[1] NaN
> 